<html>
<body>
<h1 id="title1">Title 1</h1>
<p class="p">p1</p><div id="toc"><h2>Content</h2><ul><li><a href="#title2">Title 2</a><ul><li><a href="#title3">Title 3</a></li></ul></li></ul></div>
<h2 id="title2">Title 2</h2>
<p>p2</p>
<h3 id="title3">Title 3</h3>
<p>p3</p>
</body>
</html>
