<html>
<body>
<h1>Title 1</h1><div id="toc"><h2>Content</h2><ul></ul></div>
</body>
</html>
