<html>
<body>
<h1 id="title1">Title 1</h1><div id="toc"><h2>Content</h2><ul><li><a href="#title2">Title 2</a></li></ul></div>
<p>Text</p>
<h2 id="title2">Title 2</h2>
</body>
</html>
